// Jest Snapshot v1, https://goo.gl/fbAQLP

exports[`address label printer running the application prints out a list of country specific formatted labels 1`] = `
"+--------
Sam Smith
My flat name
My Apartment building
My complex
My Street
My Town
My Region
MY1 2HR
+--------
Alex Johnson
My place
My Town
My Region
MY2 3PL
+--------
Chris Russo
VIA APPIA NUOVA 123/4
00184 ROMA RM
Italy
+--------
〒post code
prefecture name, city ward, subarea ゲ containing symbols, further subarea number
recipient
+--------
recipient
subarea, further subarea number, city ward
prefecture name, post code
+--------
Chris Niswandee
SMALLSYS INC
795 E DRAGRAM
TUCSON AZ 85705
USA
+--------
Frau
Wilhemlina Waschbaer
Hochbaumstrasse 123 A
5678 Bern
SWITZERLAND
+--------
Mr. CHAN Kwok-kwong
Flat 25, 12/F, Acacia Building
150 Kennedy Road
WAN CHAI
HONG KONG
+--------
Madame Duval
27 RUE PASTEUR
14390 CABOURG
FRANCE
+--------
Herrn
Eberhard Wellhausen
Wittekindshof
Schulstrasse 4
32547 Bad Oyenhausen
GERMANY
+--------
〒106-0044
東京都港区東麻布ISビル4F東麻布1-8-1
麻美  八木田
+--------
Yagita Asami
Higashi Azabu IS Bldg 4F Higashi Azabu 1-8-1, Minato-ku
Tokyo 106-0044"
`;

exports[`address label printer transforming an unsupported country prints address in default format 1`] = `
"+--------
Sam Smith
My flat name
My Apartment building
My complex
My Street
MY1 2HR My Town My Region
Russia"
`;
